MO ControlModule NULL ControlModule.v vlg7B/_control_module.bin 1668355849
MO DM NULL DM.v vlg21/_d_m.bin 1668500790
MO DataPath NULL DataPath.v vlg67/_data_path.bin 1668355849
MO Npcmodule NULL Npcmodule.v vlg0B/_npcmodule.bin 1668499474
MO RF NULL RF.v vlg60/_r_f.bin 1668355849
MO Mux NULL Mux.v vlg46/_mux.bin 1668355849
MO mips NULL mips.v vlg1D/mips.bin 1668355849
MO IFU NULL IFU.v vlg54/_i_f_u.bin 1668355849
MO ALU NULL ALU.v vlg2A/_a_l_u.bin 1668499722
